[000017d0][17246.640] INFO  :  Infovox 230 (0)
[000017d0][17246.640] INFO  :  Version 2.2 (February 2002) (0)
[000017d0][17246.640] ELIB  : Entering GetClassObject (0)
[000017d0][17246.640] ELIB  : Infovox Engine GUID (0)
[000017d0][17246.640] MODE  : Terminating() Window destroyed (0)
[000017d0][17246.640] MODE  : CModeTable::Init() Entering (0)
[000017d0][17246.640] MODE  : CModeTable::Init() American English: error in the registry (0)
[000017d0][17246.640] MODE  : Activating():  entered (0)
[000017d0][17256.640] MODE  : Activating():  Failed to initialize (-102)
[000017d0][17256.640] MODE  : Loading() Detect() returned:  (1)
[000017d0][17256.640] MODE  : CModeTable::Init() American English Child OK (0)
[000017d0][17256.640] MODE  : CModeTable::Init() American English Female OK (0)
[000017d0][17256.640] MODE  : CModeTable::Init() American English Giant OK (0)
[000017d0][17256.640] MODE  : CModeTable::Init() American English Male OK (0)
[000017d0][17256.640] MODE  : CModeTable::Init() American English Zombie OK (0)
[000017d0][17256.640] MODE  : CModeTable::Init() British English: error in the registry (0)
[000017d0][17256.640] MODE  : CModeTable::Init() British English Child OK (0)
[000017d0][17256.640] MODE  : CModeTable::Init() British English Female OK (0)
[000017d0][17256.640] MODE  : CModeTable::Init() British English Giant OK (0)
[000017d0][17256.640] MODE  : CModeTable::Init() British English Male OK (0)
[000017d0][17256.640] MODE  : CModeTable::Init() British English Zombie OK (0)
[000017d0][17256.640] MODE  : CModeTable::Init() Castilian Spanish Child OK (0)
[000017d0][17256.640] MODE  : CModeTable::Init() Castilian Spanish Female OK (0)
[000017d0][17256.640] MODE  : CModeTable::Init() Castilian Spanish Giant OK (0)
[000017d0][17256.640] MODE  : CModeTable::Init() Castilian Spanish Male OK (0)
[000017d0][17256.640] MODE  : CModeTable::Init() Castilian Spanish Zombie OK (0)
[000017d0][17256.640] MODE  : CModeTable::Init() Danish: error in the registry (0)
[000017d0][17256.640] MODE  : CModeTable::Init() Danish Child OK (0)
[000017d0][17256.640] MODE  : CModeTable::Init() Danish Female OK (0)
[000017d0][17256.640] MODE  : CModeTable::Init() Danish Giant OK (0)
[000017d0][17256.640] MODE  : CModeTable::Init() Danish Male OK (0)
[000017d0][17256.640] MODE  : CModeTable::Init() Danish Zombie OK (0)
[000017d0][17256.640] MODE  : CModeTable::Init() Dutch: error in the registry (0)
[000017d0][17256.640] MODE  : CModeTable::Init() Dutch Child OK (0)
[000017d0][17256.640] MODE  : CModeTable::Init() Dutch Female OK (0)
[000017d0][17256.640] MODE  : CModeTable::Init() Dutch Giant OK (0)
[000017d0][17256.640] MODE  : CModeTable::Init() Dutch Male OK (0)
[000017d0][17256.656] MODE  : CModeTable::Init() Dutch Zombie OK (0)
[000017d0][17256.656] MODE  : CModeTable::Init() Finnish: error in the registry (0)
[000017d0][17256.656] MODE  : CModeTable::Init() Finnish Child OK (0)
[000017d0][17256.656] MODE  : CModeTable::Init() Finnish Female OK (0)
[000017d0][17256.656] MODE  : CModeTable::Init() Finnish Giant OK (0)
[000017d0][17256.656] MODE  : CModeTable::Init() Finnish Male OK (0)
[000017d0][17256.656] MODE  : CModeTable::Init() Finnish Zombie OK (0)
[000017d0][17256.656] MODE  : CModeTable::Init() French: error in the registry (0)
[000017d0][17256.656] MODE  : CModeTable::Init() French Child OK (0)
[000017d0][17256.656] MODE  : CModeTable::Init() French Female OK (0)
[000017d0][17256.656] MODE  : CModeTable::Init() French Giant OK (0)
[000017d0][17256.656] MODE  : CModeTable::Init() French Male OK (0)
[000017d0][17256.656] MODE  : CModeTable::Init() French Zombie OK (0)
[000017d0][17256.656] MODE  : CModeTable::Init() German: error in the registry (0)
[000017d0][17256.656] MODE  : CModeTable::Init() German Child OK (0)
[000017d0][17256.656] MODE  : CModeTable::Init() German Female OK (0)
[000017d0][17256.656] MODE  : CModeTable::Init() German Giant OK (0)
[000017d0][17256.656] MODE  : CModeTable::Init() German Male OK (0)
[000017d0][17256.656] MODE  : CModeTable::Init() German Zombie OK (0)
[000017d0][17256.656] MODE  : CModeTable::Init() Icelandic: error in the registry (0)
[000017d0][17256.656] MODE  : CModeTable::Init() Icelandic Child OK (0)
[000017d0][17256.656] MODE  : CModeTable::Init() Icelandic Female OK (0)
[000017d0][17256.656] MODE  : CModeTable::Init() Icelandic Giant OK (0)
[000017d0][17256.656] MODE  : CModeTable::Init() Icelandic Male OK (0)
[000017d0][17256.656] MODE  : CModeTable::Init() Icelandic Zombie OK (0)
[000017d0][17256.656] MODE  : CModeTable::Init() Italian: error in the registry (0)
[000017d0][17256.656] MODE  : CModeTable::Init() Italian Child OK (0)
[000017d0][17256.656] MODE  : CModeTable::Init() Italian Female OK (0)
[000017d0][17256.656] MODE  : CModeTable::Init() Italian Giant OK (0)
[000017d0][17256.656] MODE  : CModeTable::Init() Italian Male OK (0)
[000017d0][17256.656] MODE  : CModeTable::Init() Italian Zombie OK (0)
[000017d0][17256.656] MODE  : CModeTable::Init() Norwegian: error in the registry (0)
[000017d0][17256.656] MODE  : CModeTable::Init() Norwegian Child OK (0)
[000017d0][17256.656] MODE  : CModeTable::Init() Norwegian Female OK (0)
[000017d0][17256.656] MODE  : CModeTable::Init() Norwegian Giant OK (0)
[000017d0][17256.656] MODE  : CModeTable::Init() Norwegian Male OK (0)
[000017d0][17256.656] MODE  : CModeTable::Init() Norwegian Zombie OK (0)
[000017d0][17256.656] MODE  : CModeTable::Init() Spanish: error in the registry (0)
[000017d0][17256.656] MODE  : CModeTable::Init() Swedish: error in the registry (0)
[000017d0][17256.656] MODE  : CModeTable::Init() Swedish Child OK (0)
[000017d0][17256.656] MODE  : CModeTable::Init() Swedish Female OK (0)
[000017d0][17256.656] MODE  : CModeTable::Init() Swedish Giant OK (0)
[000017d0][17256.671] MODE  : CModeTable::Init() Swedish Male OK (0)
[000017d0][17256.671] MODE  : CModeTable::Init() Swedish Zombie OK (0)
[000017d0][17256.671] MODE  : CModeTable::Init() Modes found:  (60)
[000017d0][17256.671] MODE  : CModeTable::Init() DetectNT() returned:  (1)
[000017d0][17256.671] SAPI  : AddRef: CEnumFactory (1)
[000017d0][17256.671] SAPI  : CEnumFactory::QueryInterface: IID_IClassFactory (0)
[000017d0][17256.671] ELIB  : GetClassObject Result: (0)
[000017d0][17256.671] SAPI  : AddRef: CEnum (1)
[000017d0][17256.671] SAPI  : CEnum::QueryInterface: IID_ITTSEnumW (0)
[000017d0][17256.671] SAPI  : Release: CEnumFactory (0)
[000017d0][17256.687] ENUM  : Select: Entering (W) (0)
[000017d0][17256.687] ENUM  : Select: Mode Index Found: (0)
[000017d0][17256.687] ENGINE: Init() Entering: parameter iModeIndex is (0)
[000017d0][17256.687] AUDIO : CAudioDev::Init Entering. parameter pIUnkAudio is (64861448)
[000017d0][17256.687] AUDIO : CAudioDev::Init QueryInterface on IID_IAudio: (0)
[000017d0][17256.687] AUDIO : CAudioDev::Init QueryInterface on IID_IAudioDest: (0)
[000017d0][17256.687] AUDIO : CAudioDev::Init RegisterSink: (0)
[000017d0][17256.703] AUDIO : CAudioDev::Init Audio Timer Window created: (721470)
[000017d0][17256.703] CORE  : Entering Constructor (0)
[000017d0][17256.703] ENGINE: Init() Core object created (0)
[000017d0][17256.703] ENGINE: GetNewMode() iNewModeIndex is  (0)
[000017d0][17256.703] RESMGR: GetModeInstance() GetLangResource OK (0)
[000017d0][17256.703] ENGINE: GetNewMode() GetModeInstance OK (0)
[000017d0][17256.703] RESMGR: GetUlexInstance() GetUlexDefault FAILED (0)
[000017d0][17256.703] ENGINE: Init() GetNewMode() returned OK (0)
[000017d0][17256.703] CORE  : Open() Entering (0)
[000017d0][17256.703] CORE  : Open() tts_ctrl(CMD_INIT) succeded (0)
[000017d0][17256.703] CORE  : Open() TTF version number (101)
[000017d0][17256.703] CORE  : Open() Synt module initialized. (0)
[000017d0][17256.703] CORE  : Open() SetModeEx() succeded (0)
[000017d0][17256.703] CORE  : Open() opb_init() succeded (0)
[000017d0][17256.703] CORE  : Open() Setting standard sampling frequence (16000)
[000017d0][17256.703] CORE  : Open() Audio device initialized. (0)
[000017d0][17256.703] ENGINE: Init() pCore->Open() returned OK (0)
[000017d0][17256.703] ENGINE: Init() pCore initialization was successfull (0)
[000017d0][17256.703] SAPI  : AddRef: CEngine (1)
[000017d0][17256.703] SAPI  : CEngine::QueryInterface: IID_ITTSCentralW (0)
[000017d0][17256.703] ENUM  : Select: Return value: (0)
[000017d0][17256.703] SAPI  : AddRef: CEngine (2)
[000017d0][17256.703] SAPI  : CEngine::QueryInterface: IID_ITTSAttributesW (0)
[000017d0][17256.703] SAPI  : ITTSCentral: TextData(WIDE) (120)
[000017d0][17256.703] SAPI  : ITTSCentral: TextData() (60)
[000017d0][17256.703] BUFFER: ITTSBufNotifySink: Register (1)
[000017d0][17256.703] AUDIO : XNotifySink:  AudioStart (0)
[000017d0][17256.703] BUFFER: ITTSBufNotifySink: OnTextDataStarted (0)
[000017d0][17258.953] BUFFER: ITTSBufNotifySink: OnTextDataDone (293760)
[000017d0][17258.953] AUDIO : XNotifySink:  AudioStop (0)
[000017d0][17258.953] SAPI  : Release: CEnum (0)
[000017d0][17258.953] SAPI  : Release: CEngine (1)
[000017d0][17258.953] SAPI  : Release: CEngine (0)
[000017d0][17258.953] MODE  : Unloading() Engine not found (71630920)
[000017d0][17258.953] CORE  : Close() Entering (71682256)
[000017d0][17258.953] CORE  : Close() Terminated (0)
[000017d0][17258.953] SAPI  : Release: CAudioDev::XNotifySink (0)
[000017d0][17258.953] SAPI  : Release: CAudioDev (-1)
[000017d0][17258.953] SAPI  : Release: CEngine destructed (71630920)
[000017d0][17258.968] START : DllMain() destroying the shared objects (0)
[000017d0][17258.968] START : DllMain() **** DLL_PROCESS_DETACH completed **** (19600)
