[00005198][15774.656] INFO  :  Infovox 230 (0)
[00005198][15774.656] INFO  :  Version 2.2 (February 2002) (0)
[00005198][15774.656] ELIB  : Entering GetClassObject (0)
[00005198][15774.656] ELIB  : Infovox Engine GUID (0)
[00005198][15774.656] MODE  : Terminating() Window destroyed (0)
[00005198][15774.656] MODE  : CModeTable::Init() Entering (0)
[00005198][15774.656] MODE  : CModeTable::Init() American English: error in the registry (0)
[00005198][15774.656] MODE  : Activating():  entered (0)
[00005198][15784.671] MODE  : Activating():  Failed to initialize (-102)
[00005198][15784.671] MODE  : Loading() Detect() returned:  (1)
[00005198][15784.671] MODE  : CModeTable::Init() American English Child OK (0)
[00005198][15784.671] MODE  : CModeTable::Init() American English Female OK (0)
[00005198][15784.671] MODE  : CModeTable::Init() American English Giant OK (0)
[00005198][15784.671] MODE  : CModeTable::Init() American English Male OK (0)
[00005198][15784.671] MODE  : CModeTable::Init() American English Zombie OK (0)
[00005198][15784.671] MODE  : CModeTable::Init() British English: error in the registry (0)
[00005198][15784.671] MODE  : CModeTable::Init() British English Child OK (0)
[00005198][15784.687] MODE  : CModeTable::Init() British English Female OK (0)
[00005198][15784.687] MODE  : CModeTable::Init() British English Giant OK (0)
[00005198][15784.687] MODE  : CModeTable::Init() British English Male OK (0)
[00005198][15784.687] MODE  : CModeTable::Init() British English Zombie OK (0)
[00005198][15784.687] MODE  : CModeTable::Init() Castilian Spanish Child OK (0)
[00005198][15784.687] MODE  : CModeTable::Init() Castilian Spanish Female OK (0)
[00005198][15784.687] MODE  : CModeTable::Init() Castilian Spanish Giant OK (0)
[00005198][15784.687] MODE  : CModeTable::Init() Castilian Spanish Male OK (0)
[00005198][15784.687] MODE  : CModeTable::Init() Castilian Spanish Zombie OK (0)
[00005198][15784.687] MODE  : CModeTable::Init() Danish: error in the registry (0)
[00005198][15784.687] MODE  : CModeTable::Init() Danish Child OK (0)
[00005198][15784.687] MODE  : CModeTable::Init() Danish Female OK (0)
[00005198][15784.687] MODE  : CModeTable::Init() Danish Giant OK (0)
[00005198][15784.687] MODE  : CModeTable::Init() Danish Male OK (0)
[00005198][15784.687] MODE  : CModeTable::Init() Danish Zombie OK (0)
[00005198][15784.687] MODE  : CModeTable::Init() Dutch: error in the registry (0)
[00005198][15784.687] MODE  : CModeTable::Init() Dutch Child OK (0)
[00005198][15784.687] MODE  : CModeTable::Init() Dutch Female OK (0)
[00005198][15784.687] MODE  : CModeTable::Init() Dutch Giant OK (0)
[00005198][15784.687] MODE  : CModeTable::Init() Dutch Male OK (0)
[00005198][15784.687] MODE  : CModeTable::Init() Dutch Zombie OK (0)
[00005198][15784.687] MODE  : CModeTable::Init() Finnish: error in the registry (0)
[00005198][15784.687] MODE  : CModeTable::Init() Finnish Child OK (0)
[00005198][15784.687] MODE  : CModeTable::Init() Finnish Female OK (0)
[00005198][15784.687] MODE  : CModeTable::Init() Finnish Giant OK (0)
[00005198][15784.687] MODE  : CModeTable::Init() Finnish Male OK (0)
[00005198][15784.687] MODE  : CModeTable::Init() Finnish Zombie OK (0)
[00005198][15784.687] MODE  : CModeTable::Init() French: error in the registry (0)
[00005198][15784.687] MODE  : CModeTable::Init() French Child OK (0)
[00005198][15784.687] MODE  : CModeTable::Init() French Female OK (0)
[00005198][15784.687] MODE  : CModeTable::Init() French Giant OK (0)
[00005198][15784.687] MODE  : CModeTable::Init() French Male OK (0)
[00005198][15784.687] MODE  : CModeTable::Init() French Zombie OK (0)
[00005198][15784.687] MODE  : CModeTable::Init() German: error in the registry (0)
[00005198][15784.687] MODE  : CModeTable::Init() German Child OK (0)
[00005198][15784.687] MODE  : CModeTable::Init() German Female OK (0)
[00005198][15784.687] MODE  : CModeTable::Init() German Giant OK (0)
[00005198][15784.687] MODE  : CModeTable::Init() German Male OK (0)
[00005198][15784.687] MODE  : CModeTable::Init() German Zombie OK (0)
[00005198][15784.687] MODE  : CModeTable::Init() Icelandic: error in the registry (0)
[00005198][15784.687] MODE  : CModeTable::Init() Icelandic Child OK (0)
[00005198][15784.703] MODE  : CModeTable::Init() Icelandic Female OK (0)
[00005198][15784.703] MODE  : CModeTable::Init() Icelandic Giant OK (0)
[00005198][15784.703] MODE  : CModeTable::Init() Icelandic Male OK (0)
[00005198][15784.703] MODE  : CModeTable::Init() Icelandic Zombie OK (0)
[00005198][15784.703] MODE  : CModeTable::Init() Italian: error in the registry (0)
[00005198][15784.703] MODE  : CModeTable::Init() Italian Child OK (0)
[00005198][15784.703] MODE  : CModeTable::Init() Italian Female OK (0)
[00005198][15784.703] MODE  : CModeTable::Init() Italian Giant OK (0)
[00005198][15784.703] MODE  : CModeTable::Init() Italian Male OK (0)
[00005198][15784.703] MODE  : CModeTable::Init() Italian Zombie OK (0)
[00005198][15784.703] MODE  : CModeTable::Init() Norwegian: error in the registry (0)
[00005198][15784.703] MODE  : CModeTable::Init() Norwegian Child OK (0)
[00005198][15784.703] MODE  : CModeTable::Init() Norwegian Female OK (0)
[00005198][15784.703] MODE  : CModeTable::Init() Norwegian Giant OK (0)
[00005198][15784.703] MODE  : CModeTable::Init() Norwegian Male OK (0)
[00005198][15784.703] MODE  : CModeTable::Init() Norwegian Zombie OK (0)
[00005198][15784.703] MODE  : CModeTable::Init() Spanish: error in the registry (0)
[00005198][15784.703] MODE  : CModeTable::Init() Swedish: error in the registry (0)
[00005198][15784.703] MODE  : CModeTable::Init() Swedish Child OK (0)
[00005198][15784.703] MODE  : CModeTable::Init() Swedish Female OK (0)
[00005198][15784.703] MODE  : CModeTable::Init() Swedish Giant OK (0)
[00005198][15784.703] MODE  : CModeTable::Init() Swedish Male OK (0)
[00005198][15784.703] MODE  : CModeTable::Init() Swedish Zombie OK (0)
[00005198][15784.703] MODE  : CModeTable::Init() Modes found:  (60)
[00005198][15784.703] MODE  : CModeTable::Init() DetectNT() returned:  (1)
[00005198][15784.703] SAPI  : AddRef: CEnumFactory (1)
[00005198][15784.703] SAPI  : CEnumFactory::QueryInterface: IID_IClassFactory (0)
[00005198][15784.703] ELIB  : GetClassObject Result: (0)
[00005198][15784.703] SAPI  : AddRef: CEnum (1)
[00005198][15784.703] SAPI  : CEnum::QueryInterface: IID_ITTSEnumW (0)
[00005198][15784.703] SAPI  : Release: CEnumFactory (0)
[00005198][15784.734] ENUM  : Select: Entering (W) (0)
[00005198][15784.734] ENUM  : Select: Mode Index Found: (0)
[00005198][15784.734] ENGINE: Init() Entering: parameter iModeIndex is (0)
[00005198][15784.734] AUDIO : CAudioDev::Init Entering. parameter pIUnkAudio is (59684104)
[00005198][15784.734] AUDIO : CAudioDev::Init QueryInterface on IID_IAudio: (0)
[00005198][15784.734] AUDIO : CAudioDev::Init QueryInterface on IID_IAudioDest: (0)
[00005198][15784.734] AUDIO : CAudioDev::Init RegisterSink: (0)
[00005198][15784.734] AUDIO : CAudioDev::Init Audio Timer Window created: (721724)
[00005198][15784.734] CORE  : Entering Constructor (0)
[00005198][15784.734] ENGINE: Init() Core object created (0)
[00005198][15784.734] ENGINE: GetNewMode() iNewModeIndex is  (0)
[00005198][15784.734] RESMGR: GetModeInstance() GetLangResource OK (0)
[00005198][15784.734] ENGINE: GetNewMode() GetModeInstance OK (0)
[00005198][15784.734] RESMGR: GetUlexInstance() GetUlexDefault FAILED (0)
[00005198][15784.734] ENGINE: Init() Initialization cannot proceed (0)
[00005198][15784.734] MODE  : Unloading() Engine not found (65798216)
[00005198][15784.734] CORE  : Close() Entering (0)
[00005198][15784.734] CORE  : Close() Terminated (0)
[00005198][15784.734] SAPI  : Release: CAudioDev::XNotifySink (0)
[00005198][15784.734] SAPI  : Release: CAudioDev (-1)
[00005198][15784.734] SAPI  : Release: CEngine destructed (65798216)
[00005198][15784.734] ENUM  : Select: Return value: (-2147220986)
[00005198][15784.734] SAPI  : CEnum::QueryInterface: {df0b3d60-548f-101b-8e65-08002b2bd119} (-2147467262)
[00005198][15784.765] START : DllMain() destroying the shared objects (0)
[00005198][15784.765] START : DllMain() **** DLL_PROCESS_DETACH completed **** (18816)
