[0000518c][13393.328] INFO  :  Infovox 230 (0)
[0000518c][13393.343] INFO  :  Version 2.2 (February 2002) (0)
[0000518c][13393.343] ELIB  : Entering GetClassObject (0)
[0000518c][13393.343] ELIB  : Infovox Engine GUID (0)
[0000518c][13393.343] MODE  : Terminating() Window destroyed (0)
[0000518c][13393.343] MODE  : CModeTable::Init() Entering (0)
[0000518c][13393.343] MODE  : CModeTable::Init() American English: error in the registry (0)
[0000518c][13393.359] MODE  : CModeTable::Init() British English: error in the registry (0)
[0000518c][13393.359] MODE  : CModeTable::Init() Danish: error in the registry (0)
[0000518c][13393.375] MODE  : CModeTable::Init() Dutch: error in the registry (0)
[0000518c][13393.390] MODE  : CModeTable::Init() Finnish: error in the registry (0)
[0000518c][13393.406] MODE  : CModeTable::Init() French: error in the registry (0)
[0000518c][13393.406] MODE  : CModeTable::Init() German: error in the registry (0)
[0000518c][13393.406] MODE  : CModeTable::Init() Icelandic: error in the registry (0)
[0000518c][13393.421] MODE  : CModeTable::Init() Italian: error in the registry (0)
[0000518c][13393.421] MODE  : CModeTable::Init() Norwegian: error in the registry (0)
[0000518c][13393.437] MODE  : CModeTable::Init() Spanish: error in the registry (0)
[0000518c][13393.437] MODE  : CModeTable::Init() Swedish: error in the registry (0)
[0000518c][13393.437] MODE  : CModeTable::Init() Modes found:  (0)
[0000518c][13393.437] MODE  : CModeTable::Init() DetectNT() returned:  (1)
[0000518c][13393.437] SAPI  : AddRef: CEnumFactory (1)
[0000518c][13393.437] SAPI  : CEnumFactory::QueryInterface: IID_IClassFactory (0)
[0000518c][13393.437] ELIB  : GetClassObject Result: (0)
[0000518c][13393.437] SAPI  : AddRef: CEnum (1)
[0000518c][13393.437] SAPI  : CEnum::QueryInterface: IID_ITTSEnumW (0)
[0000518c][13393.437] SAPI  : Release: CEnumFactory (0)
[0000518c][13393.437] SAPI  : Release: CEnum (0)
[0000518c][13393.453] START : DllMain() destroying the shared objects (0)
[0000518c][13393.453] START : DllMain() **** DLL_PROCESS_DETACH completed **** (17876)
