[0000276c][11525.546] INFO  :  Infovox 230 (0)
[0000276c][11525.546] INFO  :  Version 2.2 (February 2002) (0)
[0000276c][11525.546] ELIB  : Entering GetClassObject (0)
[0000276c][11525.546] ELIB  : Infovox Engine GUID (0)
[0000276c][11525.546] MODE  : Terminating() Window destroyed (0)
[0000276c][11525.546] MODE  : CModeTable::Init() Entering (0)
[0000276c][11525.562] MODE  : CModeTable::Init() American English: error in the registry (0)
[0000276c][11525.562] MODE  : CModeTable::Init() British English: error in the registry (0)
[0000276c][11525.578] MODE  : CModeTable::Init() Danish: error in the registry (0)
[0000276c][11525.578] MODE  : CModeTable::Init() Dutch: error in the registry (0)
[0000276c][11525.593] MODE  : CModeTable::Init() Finnish: error in the registry (0)
[0000276c][11525.609] MODE  : CModeTable::Init() French: error in the registry (0)
[0000276c][11525.609] MODE  : CModeTable::Init() German: error in the registry (0)
[0000276c][11525.625] MODE  : CModeTable::Init() Icelandic: error in the registry (0)
[0000276c][11525.625] MODE  : CModeTable::Init() Italian: error in the registry (0)
[0000276c][11525.640] MODE  : CModeTable::Init() Norwegian: error in the registry (0)
[0000276c][11525.640] MODE  : CModeTable::Init() Spanish: error in the registry (0)
[0000276c][11525.656] MODE  : CModeTable::Init() Swedish: error in the registry (0)
[0000276c][11525.656] MODE  : CModeTable::Init() Modes found:  (0)
[0000276c][11525.656] MODE  : CModeTable::Init() DetectNT() returned:  (1)
[0000276c][11525.656] SAPI  : AddRef: CEnumFactory (1)
[0000276c][11525.656] SAPI  : CEnumFactory::QueryInterface: IID_IClassFactory (0)
[0000276c][11525.656] ELIB  : GetClassObject Result: (0)
[0000276c][11525.656] SAPI  : AddRef: CEnum (1)
[0000276c][11525.656] SAPI  : CEnum::QueryInterface: IID_ITTSEnumW (0)
[0000276c][11525.656] SAPI  : Release: CEnumFactory (0)
[0000276c][11525.656] SAPI  : Release: CEnum (0)
[0000276c][11525.656] START : DllMain() destroying the shared objects (0)
[0000276c][11525.671] START : DllMain() **** DLL_PROCESS_DETACH completed **** (18600)
