[000014bc][13639.578] INFO  :  Infovox 230 (0)
[000014bc][13639.578] INFO  :  Version 2.2 (February 2002) (0)
[000014bc][13639.578] ELIB  : Entering GetClassObject (0)
[000014bc][13639.578] ELIB  : Infovox Engine GUID (0)
[000014bc][13639.578] MODE  : Terminating() Window destroyed (0)
[000014bc][13639.578] MODE  : CModeTable::Init() Entering (0)
[000014bc][13639.593] MODE  : CModeTable::Init() American English: error in the registry (0)
[000014bc][13639.593] MODE  : CModeTable::Init() British English: error in the registry (0)
[000014bc][13639.609] MODE  : CModeTable::Init() Danish: error in the registry (0)
[000014bc][13639.609] MODE  : CModeTable::Init() Dutch: error in the registry (0)
[000014bc][13639.625] MODE  : CModeTable::Init() Finnish: error in the registry (0)
[000014bc][13639.625] MODE  : CModeTable::Init() French: error in the registry (0)
[000014bc][13639.640] MODE  : CModeTable::Init() German: error in the registry (0)
[000014bc][13639.640] MODE  : CModeTable::Init() Icelandic: error in the registry (0)
[000014bc][13639.656] MODE  : CModeTable::Init() Italian: error in the registry (0)
[000014bc][13639.656] MODE  : CModeTable::Init() Norwegian: error in the registry (0)
[000014bc][13639.656] MODE  : CModeTable::Init() Spanish: error in the registry (0)
[000014bc][13639.671] MODE  : CModeTable::Init() Swedish: error in the registry (0)
[000014bc][13639.671] MODE  : CModeTable::Init() Modes found:  (0)
[000014bc][13639.671] MODE  : CModeTable::Init() DetectNT() returned:  (1)
[000014bc][13639.671] SAPI  : AddRef: CEnumFactory (1)
[000014bc][13639.671] SAPI  : CEnumFactory::QueryInterface: IID_IClassFactory (0)
[000014bc][13639.671] ELIB  : GetClassObject Result: (0)
[000014bc][13639.671] SAPI  : AddRef: CEnum (1)
[000014bc][13639.671] SAPI  : CEnum::QueryInterface: IID_ITTSEnumW (0)
[000014bc][13639.671] SAPI  : Release: CEnumFactory (0)
[000014bc][13639.671] SAPI  : Release: CEnum (0)
[000014bc][13639.671] START : DllMain() destroying the shared objects (0)
[000014bc][13639.671] START : DllMain() **** DLL_PROCESS_DETACH completed **** (6380)
